[www.odoo.com/vi_VN/app/crm0417.html]
[backblue.gif]
[fade.gif]
[index.html]
[www.odoo.com/vi_VN/app/crm.html]
[odoocdn.com/web/assets/1/eecbf45/web.assets_frontend.min.css]
[odoocdn.com/web/assets/1/40fbbb9/web.assets_frontend_minimal.min.js]
[www.odoo.com/vi_VN/app/accounting.html]
[www.odoo.com/vi_VN/app/invoicing.html]
[www.odoo.com/vi_VN/app/expenses.html]
[www.odoo.com/vi_VN/app/spreadsheet.html]
[www.odoo.com/vi_VN/app/documents.html]
[www.odoo.com/vi_VN/app/sign.html]
[www.odoo.com/vi_VN/app/sales.html]
[www.odoo.com/vi_VN/app/point-of-sale-shop.html]
[www.odoo.com/vi_VN/app/point-of-sale-restaurant.html]
[www.odoo.com/vi_VN/app/subscriptions.html]
[www.odoo.com/vi_VN/app/rental.html]
[www.odoo.com/vi_VN/app/website.html]
[www.odoo.com/vi_VN/app/ecommerce.html]
[www.odoo.com/vi_VN/app/blog.html]
[www.odoo.com/vi_VN/app/forum.html]
[www.odoo.com/vi_VN/app/live-chat.html]
[www.odoo.com/vi_VN/app/elearning.html]
[www.odoo.com/vi_VN/app/inventory.html]
[www.odoo.com/vi_VN/app/manufacturing.html]
[www.odoo.com/vi_VN/app/plm.html]
[www.odoo.com/vi_VN/app/purchase.html]
[www.odoo.com/vi_VN/app/maintenance.html]
[www.odoo.com/vi_VN/app/quality.html]
[www.odoo.com/vi_VN/app/employees.html]
[www.odoo.com/vi_VN/app/recruitment.html]
[www.odoo.com/vi_VN/app/time-off.html]
[www.odoo.com/vi_VN/app/appraisals.html]
[www.odoo.com/vi_VN/app/referrals.html]
[www.odoo.com/vi_VN/app/fleet.html]
[www.odoo.com/vi_VN/app/social-marketing.html]
[www.odoo.com/vi_VN/app/email-marketing.html]
[www.odoo.com/vi_VN/app/sms-marketing.html]
[www.odoo.com/vi_VN/app/events.html]
[www.odoo.com/vi_VN/app/marketing-automation.html]
[www.odoo.com/vi_VN/app/surveys.html]
[www.odoo.com/vi_VN/app/project.html]
[www.odoo.com/vi_VN/app/timesheet.html]
[www.odoo.com/vi_VN/app/field-service.html]
[www.odoo.com/vi_VN/app/helpdesk.html]
[www.odoo.com/vi_VN/app/planning.html]
[www.odoo.com/vi_VN/app/appointments.html]
[www.odoo.com/vi_VN/app/discuss.html]
[www.odoo.com/vi_VN/app/approvals.html]
[www.odoo.com/vi_VN/app/iot.html]
[www.odoo.com/vi_VN/app/voip.html]
[www.odoo.com/vi_VN/app/knowledge.html]
[www.odoo.com/vi_VN/app/whatsapp.html]
[www.odoo.com/vi_VN/app/studio.html]
[www.odoo.com/vi_VN/app/crm-features.html]
[odoocdn.com/openerp_website/static/src/img/snippets/s_wd_persona/bob.png]
[odoocdn.com/base/static/img/country_flags/vnfe4d.png]
[odoocdn.com/base/static/img/country_flags/cnfe4d.png]
[odoocdn.com/base/static/img/country_flags/twfe4d.png]
[odoocdn.com/base/static/img/country_flags/czfe4d.png]
[odoocdn.com/base/static/img/country_flags/nlfe4d.png]
[odoocdn.com/base/static/img/country_flags/usfe4d.png]
[odoocdn.com/base/static/img/country_flags/frfe4d.png]
[odoocdn.com/base/static/img/country_flags/defe4d.png]
[odoocdn.com/base/static/img/country_flags/idfe4d.png]
[odoocdn.com/base/static/img/country_flags/itfe4d.png]
[odoocdn.com/base/static/img/country_flags/jpfe4d.png]
[odoocdn.com/base/static/img/country_flags/krfe4d.png]
[odoocdn.com/base/static/img/country_flags/brfe4d.png]
[odoocdn.com/base/static/img/country_flags/rufe4d.png]
[odoocdn.com/base/static/img/country_flags/skfe4d.png]
[odoocdn.com/base/static/img/country_flags/sife4d.png]
[odoocdn.com/base/static/img/country_flags/419fe4d.png]
[odoocdn.com/base/static/img/country_flags/esfe4d.png]
[odoocdn.com/base/static/img/country_flags/thfe4d.png]
[odoocdn.com/base/static/img/country_flags/trfe4d.png]
[odoocdn.com/base/static/img/country_flags/uafe4d.png]
[odoocdn.com/openerp_website/static/src/img/2016/live-support/info.gif]
[www.odoo.com/vi_VN/app/crm0417.html]
[www.odoo.com/vi_VN/app/crm.html]
[odoocdn.com/web/static/img/transparent.png]
[odoocdn.com/web/static/lib/select2/select2.png]
[odoocdn.com/web/static/lib/select2/select2-spinner.gif]
[odoocdn.com/web/static/lib/select2/select2x2.png]
[odoocdn.com/openerp_website/static/src/img/2016/logos/odoo_logo.png]
[odoocdn.com/mail_group/static/src/img/mail_group_portal.jpg]
[odoocdn.com/openerp_website/static/src/img/2016/ui/play-button.png]
[odoocdn.com/openerp_website/static/src/img/2016/components/devices_xs.gif]
[odoocdn.com/openerp_website/static/src/img/2016/components/devices.gif]
[odoocdn.com/openerp_website/static/src/img/2016/components/arch_1_xs.jpg]
[odoocdn.com/openerp_website/static/src/img/2016/components/arch_1.jpg]
[odoocdn.com/openerp_website/static/src/img/2016/components/arch_2_xs.jpg]
[odoocdn.com/openerp_website/static/src/img/2016/components/arch_2.jpg]
[odoocdn.com/openerp_website/static/src/img/2016/components/arch_3.png]
[odoocdn.com/openerp_website/static/src/img/2016/components/arch_4_xs.jpg]
[odoocdn.com/openerp_website/static/src/img/2016/components/arch_4.jpg]
[odoocdn.com/openerp_website/static/src/img/2016/components/arch_5_xs.jpg]
[odoocdn.com/openerp_website/static/src/img/2016/components/arch_5.jpg]
[odoocdn.com/openerp_website/static/src/img/2016/components/arch_6.jpg]
[odoocdn.com/openerp_website/static/src/img/2016/components/arch_7.jpg]
[odoocdn.com/openerp_website/static/src/img/db_activation/db_activation_bg_4.jpg]
[odoocdn.com/openerp_website/static/src/img/2023/odoo-day/odoo_crowd.jpg]
[odoocdn.com/openerp_website/static/src/img/2023/odoo-day/odoo_day_practical.jpg]
[odoocdn.com/openerp_website/static/src/img/2023/odoo-day/odoo_day_smartclass.jpg]
[odoocdn.com/openerp_website/static/src/img/2023/odoo-day/odoo_day_booths.jpg]
[odoocdn.com/openerp_website/static/src/img/2023/odoo-experience/round_shape.jpg]
[odoocdn.com/openerp_website/static/src/img/2023/odoo-experience/round_shape_left.jpg]
[odoocdn.com/openerp_website/static/src/img/2023/odoo-experience/app_shape.png]
[odoocdn.com/openerp_website/static/src/img/2023/odoo-experience/shape_1.jpg]
[odoocdn.com/openerp_website/static/src/img/2016/patterns/banner_bg.png]
[odoocdn.com/openerp_website/static/src/img/2016/components/laptop_screen.gif]
[odoocdn.com/openerp_website/static/src/img/2016/gif/tooltip.gif]
[odoocdn.com/openerp_website/static/src/img/2016/mosaic_sm.jpg]
[odoocdn.com/openerp_website/static/src/img/2016/mosaic_2.jpg]
[odoocdn.com/openerp_portal/static/src/img/banner.jpg]
[odoocdn.com/web/assets/1/eecbf45/web.assets_frontend.min.css]
[www.odoo.com/vi_VN/app/accounting-features.html]
[www.odoo.com/vi_VN/app/invoice-automation.html]
[www.odoo.com/vi_VN/app/'/vi_VN/web_editor/shape/illustration/doodle/02.717adb.delayed]
[www.odoo.com/vi_VN/app/accounting.html]
[www.odoo.com/vi_VN/app/invoicing-features.html]
[odoocdn.com/base_setup/static/src/img/logo_google_play.png]
[odoocdn.com/base_setup/static/src/img/logo_apple_store.png]
[www.odoo.com/vi_VN/app/invoicing.html]
[www.odoo.com/vi_VN/app/employees-features.html]
[www.odoo.com/vi_VN/app/expenses.html]
[www.odoo.com/vi_VN/app/expenses-features.html]
[www.odoo.com/vi_VN/app/spreadsheet.html]
[www.odoo.com/vi_VN/app/documents.html]
[www.odoo.com/vi_VN/app/documents-features.html]
[www.odoo.com/vi_VN/app/sign.html]
[www.odoo.com/vi_VN/app/sign-features.html]
[www.odoo.com/vi_VN/app/sales-features.html]
[www.odoo.com/vi_VN/app/'/vi_VN/web_editor/shape/illustration/doodle/02.7aeabe.delayed]
[www.odoo.com/vi_VN/app/sales.html]
[www.odoo.com/vi_VN/app/point-of-sale-hardware.html]
[www.odoo.com/vi_VN/app/point-of-sale-faq.html]
[www.odoo.com/vi_VN/app/point-of-sale-shop.html]
[www.odoo.com/vi_VN/app/point-of-sale-restaurant.html]
[www.odoo.com/vi_VN/app/point-of-sale-features.html]
[www.odoo.com/vi_VN/app/subscriptions-features.html]
[odoocdn.com/web/image/11126736/Subscriptions-Redux.png]
[odoocdn.com/web/image/11126708/Subscriptions-Template.png]
[odoocdn.com/web/image/11147961/Subscriptions-Monthly.png]
[odoocdn.com/web/image/11191501/Subscription-Portal.png]
[odoocdn.com/openerp_website/static/src/img/2016/subscriptions/subscriptions_screenshot_04.gif]
[odoocdn.com/openerp_website/static/src/img/2016/subscriptions/subscriptions_screenshot_06.gif]
[odoocdn.com/web/image/11191450/Subscriptions-Analytics.png]
[odoocdn.com/web/image/11191421/Subscriptions-Retention-Analysis.png]
[www.odoo.com/vi_VN/app/subscriptions.html]
[www.odoo.com/vi_VN/app/rental.html]
[www.odoo.com/vi_VN/app/rental-features.html]
[www.odoo.com/web/image/28844578-db3d9bbc/social_banner.jpg]
[www.odoo.com/vi_VN/app/website.html]
[www.odoo.com/vi_VN/app/website-features.html]
[www.odoo.com/vi_VN/app/ecommerce-features.html]
[www.odoo.com/vi_VN/app/'https_/odoocdn.com/openerp_website/static/src/img/2022/e-commerce/examples_background.92.delayed]
[www.odoo.com/web/image/29518868-98612d41/Houseoftraining2.png]
[www.odoo.com/web/image/40197962-ad0ad63a/Fairphone.png]
[www.odoo.com/web/image/29304252-0eb60ee6/Agora .png]
[www.odoo.com/web/image/29386678-f60295a6/Cytosurge.png]
[www.odoo.com/web/image/28921631-8cc9725d/Capture decran 2021-04-22 a 15.07.30.png_; filename_=UTF-8''Capture%20d%E2%80%99e%CC%81cran%202021-04-22%20a%CC%80%2015.07.30.png]
[odoocdn.com/openerp_website/static/src/img/2022/e-commerce/example_flowup.jpg]
[www.odoo.com/vi_VN/app/ecommerce.html]
[www.odoo.com/vi_VN/app/blog.html]
[www.odoo.com/vi_VN/app/blog-features.html]
[www.odoo.com/vi_VN/app/forum.html]
[www.odoo.com/vi_VN/app/forum-features.html]
[www.odoo.com/vi_VN/app/live-chat.html]
[www.odoo.com/vi_VN/app/live-chat-features.html]
[www.odoo.com/vi_VN/app/elearning.html]
[www.odoo.com/vi_VN/app/elearning-features.html]
[www.odoo.com/web/image/26136243-025108ab/inventory_top_banner.jpg]
[www.odoo.com/vi_VN/app/inventory-features.html]
[www.odoo.com/vi_VN/app/inventory-hardware.html]
[odoocdn.com/openerp_website/static/src/img/apps/inventory/device.png]
[www.odoo.com/vi_VN/app/inventory.html]
[www.odoo.com/vi_VN/app/manufacturing.html]
[www.odoo.com/vi_VN/app/manufacturing-features.html]
[odoocdn.com/openerp_website/static/src/img/2018/plm/plm_screenshot_01.gif]
[odoocdn.com/openerp_website/static/src/img/2018/plm/plm_screenshot_02.gif]
[www.odoo.com/vi_VN/app/plm.html]
[www.odoo.com/vi_VN/app/purchase-features.html]
[www.odoo.com/vi_VN/app/purchase.html]
[odoocdn.com/openerp_website/static/src/img/snippets/s_wd_persona/bobette.png]
[odoocdn.com/openerp_website/static/src/img/apps/maintenance/hero-banner.png]
[odoocdn.com/web/image/11190116/Mait-Request.png]
[odoocdn.com/openerp_website/static/src/img/2018/maintenance/maintenance_screenshot_02.gif]
[www.odoo.com/vi_VN/app/maintenance.html]
[www.odoo.com/vi_VN/app/quality.html]
[www.odoo.com/vi_VN/app/employees.html]
[www.odoo.com/vi_VN/app/field-service-features.html]
[www.odoo.com/vi_VN/app/recruitment.html]
[www.odoo.com/vi_VN/app/recruitment-features.html]
[www.odoo.com/vi_VN/app/time-off.html]
[www.odoo.com/vi_VN/app/time-off-features.html]
[www.odoo.com/vi_VN/app/appraisals-features.html]
[odoocdn.com/openerp_website/static/src/img/apps/appraisals/hero-banner.png]
[odoocdn.com/web/image/11142314/Appraisal-Close-Up.png]
[odoocdn.com/web/image/11142242/Appraisal-Calendar.png]
[odoocdn.com/web/image/11142288/Evaluation-Questions.png]
[odoocdn.com/web/image/11142003/Appraisal-Small.png]
[odoocdn.com/web/image/11142353/Appraisal-Form-CU.png]
[odoocdn.com/web/image/11142431/Appraisal-CU.png]
[www.odoo.com/vi_VN/app/appraisals.html]
[www.odoo.com/vi_VN/app/referrals-features.html]
[odoocdn.com/openerp_website/static/src/img/apps/referral/hero-banner.png]
[www.odoo.com/vi_VN/app/'/odoocdn.com/web/image/14893179/referral_jobs.be.delayed]
[odoocdn.com/web/image/14893182/referral_refs.png]
[odoocdn.com/web/image/14893185/referral_team.png]
[odoocdn.com/web/image/14893178/referral_bg-stripes.jpg]
[odoocdn.com/web/image/14924479/referral_shop.png]
[www.odoo.com/vi_VN/app/referrals.html]
[www.odoo.com/vi_VN/app/fleet-features.html]
[odoocdn.com/openerp_website/static/src/img/apps/fleet/hero-banner.png]
[odoocdn.com/web/image/18838655/sc.png]
[www.odoo.com/vi_VN/app/'/odoocdn.com/web/image/18334604/Fleet_banner_LEASE.cc.delayed]
[odoocdn.com/web/image/18348804/laptop_lease.png]
[odoocdn.com/web/image/18348672/statistics.png]
[odoocdn.com/web/image/18346155/tablet-analysis.png]
[www.odoo.com/vi_VN/app/fleet.html]
[www.odoo.com/vi_VN/app/social-marketing-features.html]
[odoocdn.com/web/image/16681062/social_screenshot_01.gif]
[odoocdn.com/web/image/16681065/social_screenshot_02a.gif]
[odoocdn.com/web/image/16681064/social_screenshot_02b.jpg]
[odoocdn.com/web/image/16681066/social_screenshot_03.png]
[odoocdn.com/web/image/16681067/social_screenshot_04.gif]
[www.odoo.com/vi_VN/app/social-marketing.html]
[odoocdn.com/openerp_website/static/src/img/2016/email-marketing/email_marketing_screenshot_01.jpg]
[odoocdn.com/openerp_website/static/src/img/2016/email-marketing/email_marketing_screenshot_02.jpg]
[odoocdn.com/openerp_website/static/src/img/2016/email-marketing/email_marketing_screenshot_03.jpg]
[odoocdn.com/web/image/11142787/Mass-Mail-New.png]
[odoocdn.com/openerp_website/static/src/img/2016/email-marketing/email_marketing_screenshot_05.png]
[odoocdn.com/web/image/11142929/Mass-Mail-Summary.png]
[odoocdn.com/web/image/11170514/Link-Tracker.png]
[www.odoo.com/vi_VN/app/email-marketing.html]
[odoocdn.com/openerp_website/static/src/img/2016/email-marketing/email_marketing_screenshot_08.gif]
[www.odoo.com/vi_VN/app/sms-marketing-features.html]
[odoocdn.com/web/image/16027203/sms-marketing_screenshot_01.gif]
[odoocdn.com/web/image/16027205/sms-marketing_img_01.png]
[www.odoo.com/vi_VN/app/'/odoocdn.com/web/image/16027204/sms-marketing_img_02.ef.delayed]
[odoocdn.com/web/image/16027202/sms-marketing_screenshot_02a.gif]
[odoocdn.com/web/image/16027201/sms-marketing_screenshot_02b.gif]
[odoocdn.com/web/image/16027200/sms-marketing_screenshot_02c.gif]
[odoocdn.com/web/image/16027199/sms-marketing_screenshot_03.gif]
[odoocdn.com/web/image/16027198/sms-marketing_screenshot_04.gif]
[www.odoo.com/vi_VN/app/sms-marketing.html]
[www.odoo.com/vi_VN/app/events-features.html]
[odoocdn.com/openerp_website/static/src/img/apps/events/hero-banner.png]
[odoocdn.com/web/image/25281737/events_2-left.png]
[odoocdn.com/web/image/25281736/events_2-right.png]
[odoocdn.com/web/image/25281741/events_4.png]
[odoocdn.com/openerp_website/static/src/img/2016/events/logo_coffee.png]
[odoocdn.com/openerp_website/static/src/img/2016/events/logo_bakery.png]
[odoocdn.com/openerp_website/static/src/img/2016/events/logo_barber.png]
[www.odoo.com/vi_VN/app/events.html]
[www.odoo.com/vi_VN/app/marketing-automation-features.html]
[odoocdn.com/openerp_website/static/src/img/2016/marketing-automation/marketing_automation_screenshot_02.gif]
[odoocdn.com/openerp_website/static/src/img/2016/marketing-automation/marketing_automation_screenshot_03.gif]
[www.odoo.com/vi_VN/app/marketing-automation.html]
[www.odoo.com/vi_VN/app/surveys-features.html]
[odoocdn.com/openerp_website/static/src/img/apps/survey/hero-banner.png]
[odoocdn.com/web/image/11143011/Surveys-Builder.png]
[www.odoo.com/vi_VN/app/surveys.html]
[www.odoo.com/vi_VN/app/project.html]
[www.odoo.com/vi_VN/app/project-features.html]
[www.odoo.com/vi_VN/app/timesheet.html]
[www.odoo.com/vi_VN/app/field-service.html]
[www.odoo.com/vi_VN/app/timesheet-features.html]
[www.odoo.com/vi_VN/app/helpdesk-features.html]
[odoocdn.com/web/image/25283210/helpdesk-1.png]
[odoocdn.com/web/image/25283355/helpdesk-2.png]
[odoocdn.com/web/image/25283223/helpdesk-3.png]
[www.odoo.com/vi_VN/app/'/odoocdn.com/web/image/3090527'.116.delayed]
[odoocdn.com/web/image/24786968/close-ticket.jpg]
[www.odoo.com/vi_VN/app/helpdesk.html]
[www.odoo.com/vi_VN/app/planning.html]
[www.odoo.com/vi_VN/app/planning-features.html]
[www.odoo.com/vi_VN/app/appointments.html]
[www.odoo.com/vi_VN/app/appointments-features.html]
[www.odoo.com/vi_VN/app/discuss.html]
[www.odoo.com/vi_VN/app/discuss-features.html]
[www.odoo.com/vi_VN/app/approvals-features.html]
[odoocdn.com/web/image/15727947/approvals_screenshot_01.gif]
[odoocdn.com/web/image/15727951/approvals_screenshot_02a.gif]
[odoocdn.com/web/image/15727952/approvals_screenshot_02b.gif]
[odoocdn.com/web/image/15727950/approvals_screenshot_02c.gif]
[odoocdn.com/web/image/15727949/approvals_screenshot_02d.gif]
[odoocdn.com/web/image/15727953/approvals_screenshot_03.gif]
[www.odoo.com/vi_VN/app/approvals.html]
[odoocdn.com/openerp_website/static/src/img/2018/iot/iot_box.jpg]
[odoocdn.com/web/image/14932268/photo-1525972231415-e52a7a56c905.jpeg]
[odoocdn.com/web/image/14932276/photo-1539264374208-58df3521ddd9.jpeg]
[odoocdn.com/web/image/14932142/photo-1532339848923-c4beffa7abcb.jpeg]
[odoocdn.com/openerp_website/static/src/img/2018/iot/connect-device.jpg]
[odoocdn.com/openerp_website/static/src/img/2018/iot/screenshoots/devices_kanban.png]
[odoocdn.com/openerp_website/static/src/img/2018/iot/screenshoots/manufacturing_iot.png]
[odoocdn.com/openerp_website/static/src/img/2018/iot/screenshoots/wo.png]
[www.odoo.com/vi_VN/app/iot-hardware.html]
[odoocdn.com/openerp_website/static/src/img/2018/iot/hardware/sylvac_bt.jpg]
[odoocdn.com/openerp_website/static/src/img/2018/iot/hardware/papalook.jpg]
[odoocdn.com/openerp_website/static/src/img/2018/iot/hardware/zebraGK420.jpg]
[odoocdn.com/openerp_website/static/src/img/2018/iot/hardware/foot_switch.jpg]
[www.odoo.com/vi_VN/app/iot.html]
[www.odoo.com/vi_VN/app/iot-features.html]
[www.odoo.com/vi_VN/app/voip-features.html]
[odoocdn.com/openerp_website/static/src/img/2021/voip/voip_mobile.png]
[odoocdn.com/openerp_website/static/src/img/2021/voip/voip_img_01.png]
[odoocdn.com/openerp_website/static/src/img/2021/voip/voip_img_04.png]
[odoocdn.com/openerp_website/static/src/img/2021/voip/voip_img_05.png]
[odoocdn.com/openerp_website/static/src/img/2021/voip/voip_img_06.png]
[odoocdn.com/openerp_website/static/src/img/2021/voip/voip_img_07.png]
[odoocdn.com/openerp_website/static/src/img/2021/voip/voip_img_08.png]
[odoocdn.com/openerp_website/static/src/img/2021/voip/voip_img_09.png]
[www.odoo.com/vi_VN/app/voip.html]
[www.odoo.com/vi_VN/app/knowledge.html]
[www.odoo.com/vi_VN/app/knowledge-features.html]
[www.odoo.com/vi_VN/app/whatsapp.html]
[www.odoo.com/vi_VN/app/whatsapp-features.html]
[www.odoo.com/vi_VN/app/studio.html]
[www.odoo.com/vi_VN/app/crm-features.html]
[www.odoo.com/vi_VN/app/accounting-features.html]
[www.odoo.com/vi_VN/app/studio-features.html]
[odoocdn.com/openerp_website/static/src/img/2020/invoice-automation/miniature_invoice_1.png]
[odoocdn.com/openerp_website/static/src/img/2020/invoice-automation/miniature_invoice_2.png]
[odoocdn.com/openerp_website/static/src/img/2020/invoice-automation/miniature_invoice_3.png]
[odoocdn.com/openerp_website/static/src/img/2020/invoice-automation/miniature_invoice_4_1.png]
[odoocdn.com/openerp_website/static/src/img/2020/invoice-automation/miniature_invoice_5_1.png]
[odoocdn.com/openerp_website/static/src/img/2020/invoice-automation/miniature_invoice_6.png]
[odoocdn.com/openerp_website/static/src/img/2020/invoice-automation/miniature_invoice_7.png]
[odoocdn.com/openerp_website/static/src/img/2020/invoice-automation/received.png]
[odoocdn.com/openerp_website/static/src/img/2020/invoice-automation/created.png]
[odoocdn.com/openerp_website/static/src/img/2020/invoice-automation/validated.png]
[www.odoo.com/vi_VN/app/invoice-automation.html]
[www.odoo.com/vi_VN/app/'/vi_VN/web_editor/shape/illustration/doodle/027adb.html]
[www.odoo.com/vi_VN/app/invoicing-features.html]
[www.odoo.com/vi_VN/app/employees-features.html]
[www.odoo.com/vi_VN/app/expenses-features.html]
[www.odoo.com/vi_VN/app/documents-features.html]
[www.odoo.com/vi_VN/app/sign-features.html]
[www.odoo.com/vi_VN/app/sales-features.html]
[www.odoo.com/vi_VN/app/'/vi_VN/web_editor/shape/illustration/doodle/02eabe.html]
[odoocdn.com/openerp_website/static/src/img/2016/pos/pos_hardware_01.png]
[odoocdn.com/openerp_website/static/src/img/2016/pos/pos_hardware_02.png]
[odoocdn.com/openerp_website/static/src/img/2016/pos/pos_hardware_03.png]
[odoocdn.com/web/image/13683688/pos_hardware_posbox.jpg]
[odoocdn.com/openerp_website/static/src/img/2016/pos/pos_hardware_honeywell.jpg]
[odoocdn.com/openerp_website/static/src/img/2016/pos/pos_hardware_ariva.jpg]
[odoocdn.com/openerp_website/static/src/img/2016/pos/pos_hardware_metapace.png]
[www.odoo.com/web/image/29599684-8fd91f09/neuftech-rfid.jpg]
[www.odoo.com/vi_VN/app/point-of-sale-hardware.html]
[www.odoo.com/vi_VN/app/point-of-sale-faq.html]
[www.odoo.com/vi_VN/app/point-of-sale-features.html]
[www.odoo.com/vi_VN/app/subscriptions-features.html]
[www.odoo.com/vi_VN/app/rental-features.html]
[odoocdn.com/openerp_website/static/src/img/2021/website-features/cross-devices.png]
[www.odoo.com/vi_VN/app/website-features.html]
[www.odoo.com/vi_VN/app/ecommerce-features.html]
[www.odoo.com/vi_VN/app/'https_/odoocdn.com/openerp_website/static/src/img/2022/e-commerce/examples_background.html]
[www.odoo.com/vi_VN/app/blog-features.html]
[www.odoo.com/vi_VN/app/forum-features.html]
[www.odoo.com/vi_VN/app/live-chat-features.html]
[www.odoo.com/vi_VN/app/elearning-features.html]
[www.odoo.com/vi_VN/app/inventory-features.html]
[odoocdn.com/web/image/13183071/1504117785530.jpg]
[odoocdn.com/web/image/13183541/1437699661530.png]
[odoocdn.com/web/image/28178463-b9f79251/labelprinter.png]
[www.odoo.com/vi_VN/app/inventory-hardware.html]
[www.odoo.com/vi_VN/app/manufacturing-features.html]
[www.odoo.com/vi_VN/app/purchase-features.html]
[www.odoo.com/vi_VN/app/field-service-features.html]
[www.odoo.com/vi_VN/app/recruitment-features.html]
[www.odoo.com/vi_VN/app/time-off-features.html]
[www.odoo.com/vi_VN/app/appraisals-features.html]
[www.odoo.com/vi_VN/app/referrals-features.html]
[www.odoo.com/vi_VN/app/'/odoocdn.com/web/image/14893179/referral_jobs.html]
[www.odoo.com/vi_VN/app/fleet-features.html]
[www.odoo.com/vi_VN/app/'/odoocdn.com/web/image/18334604/Fleet_banner_LEASE.html]
[www.odoo.com/vi_VN/app/social-marketing-features.html]
[www.odoo.com/vi_VN/app/sms-marketing-features.html]
[www.odoo.com/vi_VN/app/'/odoocdn.com/web/image/16027204/sms-marketing_img_02.html]
[www.odoo.com/vi_VN/app/events-features.html]
[www.odoo.com/vi_VN/app/marketing-automation-features.html]
[www.odoo.com/vi_VN/app/surveys-features.html]
[www.odoo.com/vi_VN/app/project-features.html]
[www.odoo.com/vi_VN/app/timesheet-features.html]
[www.odoo.com/vi_VN/app/helpdesk-features.html]
[www.odoo.com/vi_VN/app/'/odoocdn.com/web/image/3090527'.html]
[www.odoo.com/vi_VN/app/planning-features.html]
[www.odoo.com/vi_VN/app/appointments-features.html]
[www.odoo.com/vi_VN/app/discuss-features.html]
[www.odoo.com/vi_VN/app/approvals-features.html]
[www.odoo.com/vi_VN/app/iot-faq.html]
[odoocdn.com/openerp_website/static/src/img/2021/iot/hardware/logitech-c270.png]
[odoocdn.com/openerp_website/static/src/img/2018/iot/hardware/k120.jpg]
[odoocdn.com/openerp_website/static/src/img/2018/iot/hardware/sylvac_USB_bt.jpg]
[www.odoo.com/vi_VN/app/iot-hardware.html]
[www.odoo.com/vi_VN/app/iot-features.html]
[www.odoo.com/vi_VN/app/voip-features.html]
[www.odoo.com/vi_VN/app/knowledge-features.html]
[www.odoo.com/vi_VN/app/whatsapp-features.html]
[www.odoo.com/vi_VN/app/studio-features.html]
[www.odoo.com/vi_VN/app/iot-faq.html]
